// Jest Snapshot v1, https://goo.gl/fbAQLP

exports[`not found page 정확하게 페이지가 랜더링 되야 한다 1`] = `
<div>
  Not Found!
</div>
`;
