// Jest Snapshot v1, https://goo.gl/fbAQLP

exports[`channelInfo snapshot 1`] = `
<DocumentFragment>
  <div
    class="flex my-4 mb-8 items-center"
  >
    <p
      class="text-lg font-medium ml-2"
    >
      name
    </p>
  </div>
</DocumentFragment>
`;
